STM32F103C6_EXTRI_Driver.c:33:6:Enable_NVIC	16	static
STM32F103C6_EXTRI_Driver.c:70:6:Disable_NVIC	16	static
STM32F103C6_EXTRI_Driver.c:106:6:Update_EXTRI	24	static
STM32F103C6_EXTRI_Driver.c:164:6:MCAL_EXTRI_GPIO_DEINIT	4	static
STM32F103C6_EXTRI_Driver.c:194:6:MCAL_EXTRI_GPIO_INIT	16	static
STM32F103C6_EXTRI_Driver.c:207:6:MCAL_EXTRI_GPIO_Update	16	static
STM32F103C6_EXTRI_Driver.c:218:6:EXTI0_IRQHandler	8	static
STM32F103C6_EXTRI_Driver.c:225:6:EXTI1_IRQHandler	8	static
STM32F103C6_EXTRI_Driver.c:231:6:EXTI2_IRQHandler	8	static
STM32F103C6_EXTRI_Driver.c:237:6:EXTI3_IRQHandler	8	static
STM32F103C6_EXTRI_Driver.c:244:7:EXT4_IRQHandler	8	static
STM32F103C6_EXTRI_Driver.c:251:6:EXTI9_5_IRQHandler	8	static
STM32F103C6_EXTRI_Driver.c:262:6:EXTI15_10_IRQHandler	8	static
