STM32F103C6_USART_Driver.c:36:6:MCAL_UART_Init	24	static
STM32F103C6_USART_Driver.c:82:6:MCAL_UART_DeInit	16	static
STM32F103C6_USART_Driver.c:99:6:MCAL_UART_SendData	24	static
STM32F103C6_USART_Driver.c:117:6:MCAL_UART_WAIT_TC	16	static
STM32F103C6_USART_Driver.c:130:6:MCAL_UART_ReceiveData	24	static
STM32F103C6_USART_Driver.c:168:6:MCAL_UART_GPIO_set_pins	24	static
STM32F103C6_USART_Driver.c:281:6:USART1_IRQHandler	8	static
STM32F103C6_USART_Driver.c:286:6:USART2_IRQHandler	8	static
STM32F103C6_USART_Driver.c:291:6:USART3_IRQHandler	8	static
