Archive member included to satisfy reference by file (symbol)

c:/st/stm32cubeide_1.4.0/stm32cubeide/plugins/com.st.stm32cube.ide.mcu.externaltools.gnu-tools-for-stm32.7-2018-q2-update.win32_1.4.0.202007081208/tools/bin/../lib/gcc/arm-none-eabi/7.3.1/../../../../arm-none-eabi/lib/thumb/v7-m\libc_nano.a(lib_a-errno.o)
                              Src/syscalls.o (__errno)
c:/st/stm32cubeide_1.4.0/stm32cubeide/plugins/com.st.stm32cube.ide.mcu.externaltools.gnu-tools-for-stm32.7-2018-q2-update.win32_1.4.0.202007081208/tools/bin/../lib/gcc/arm-none-eabi/7.3.1/../../../../arm-none-eabi/lib/thumb/v7-m\libc_nano.a(lib_a-exit.o)
                              c:/st/stm32cubeide_1.4.0/stm32cubeide/plugins/com.st.stm32cube.ide.mcu.externaltools.gnu-tools-for-stm32.7-2018-q2-update.win32_1.4.0.202007081208/tools/bin/../lib/gcc/arm-none-eabi/7.3.1/../../../../arm-none-eabi/lib/thumb/v7-m/crt0.o (exit)
c:/st/stm32cubeide_1.4.0/stm32cubeide/plugins/com.st.stm32cube.ide.mcu.externaltools.gnu-tools-for-stm32.7-2018-q2-update.win32_1.4.0.202007081208/tools/bin/../lib/gcc/arm-none-eabi/7.3.1/../../../../arm-none-eabi/lib/thumb/v7-m\libc_nano.a(lib_a-impure.o)
                              c:/st/stm32cubeide_1.4.0/stm32cubeide/plugins/com.st.stm32cube.ide.mcu.externaltools.gnu-tools-for-stm32.7-2018-q2-update.win32_1.4.0.202007081208/tools/bin/../lib/gcc/arm-none-eabi/7.3.1/../../../../arm-none-eabi/lib/thumb/v7-m\libc_nano.a(lib_a-exit.o) (_global_impure_ptr)
c:/st/stm32cubeide_1.4.0/stm32cubeide/plugins/com.st.stm32cube.ide.mcu.externaltools.gnu-tools-for-stm32.7-2018-q2-update.win32_1.4.0.202007081208/tools/bin/../lib/gcc/arm-none-eabi/7.3.1/../../../../arm-none-eabi/lib/thumb/v7-m\libc_nano.a(lib_a-init.o)
                              c:/st/stm32cubeide_1.4.0/stm32cubeide/plugins/com.st.stm32cube.ide.mcu.externaltools.gnu-tools-for-stm32.7-2018-q2-update.win32_1.4.0.202007081208/tools/bin/../lib/gcc/arm-none-eabi/7.3.1/../../../../arm-none-eabi/lib/thumb/v7-m/crt0.o (__libc_init_array)
c:/st/stm32cubeide_1.4.0/stm32cubeide/plugins/com.st.stm32cube.ide.mcu.externaltools.gnu-tools-for-stm32.7-2018-q2-update.win32_1.4.0.202007081208/tools/bin/../lib/gcc/arm-none-eabi/7.3.1/../../../../arm-none-eabi/lib/thumb/v7-m\libc_nano.a(lib_a-memset.o)
                              c:/st/stm32cubeide_1.4.0/stm32cubeide/plugins/com.st.stm32cube.ide.mcu.externaltools.gnu-tools-for-stm32.7-2018-q2-update.win32_1.4.0.202007081208/tools/bin/../lib/gcc/arm-none-eabi/7.3.1/../../../../arm-none-eabi/lib/thumb/v7-m/crt0.o (memset)

Allocating common symbols
Common symbol       size              file

PinConfigSevenSegment
                    0x4               HAL/Seven_segment.o
PinConfigKayPad     0x4               HAL/Kaypad.o
uartCFG             0x14              Src/main.o
PinConfigLCD        0x4               HAL/lcd.o
ch                  0x2               Src/main.o
GP_IRQ_CallBack     0x3c              MCAL/STM32F103C6_EXTRI_Driver.o

Discarded input sections

 .text          0x0000000000000000        0x0 c:/st/stm32cubeide_1.4.0/stm32cubeide/plugins/com.st.stm32cube.ide.mcu.externaltools.gnu-tools-for-stm32.7-2018-q2-update.win32_1.4.0.202007081208/tools/bin/../lib/gcc/arm-none-eabi/7.3.1/thumb/v7-m/crti.o
 .data          0x0000000000000000        0x0 c:/st/stm32cubeide_1.4.0/stm32cubeide/plugins/com.st.stm32cube.ide.mcu.externaltools.gnu-tools-for-stm32.7-2018-q2-update.win32_1.4.0.202007081208/tools/bin/../lib/gcc/arm-none-eabi/7.3.1/thumb/v7-m/crti.o
 .bss           0x0000000000000000        0x0 c:/st/stm32cubeide_1.4.0/stm32cubeide/plugins/com.st.stm32cube.ide.mcu.externaltools.gnu-tools-for-stm32.7-2018-q2-update.win32_1.4.0.202007081208/tools/bin/../lib/gcc/arm-none-eabi/7.3.1/thumb/v7-m/crti.o
 .data          0x0000000000000000        0x4 c:/st/stm32cubeide_1.4.0/stm32cubeide/plugins/com.st.stm32cube.ide.mcu.externaltools.gnu-tools-for-stm32.7-2018-q2-update.win32_1.4.0.202007081208/tools/bin/../lib/gcc/arm-none-eabi/7.3.1/thumb/v7-m/crtbegin.o
 .text          0x0000000000000000       0x74 c:/st/stm32cubeide_1.4.0/stm32cubeide/plugins/com.st.stm32cube.ide.mcu.externaltools.gnu-tools-for-stm32.7-2018-q2-update.win32_1.4.0.202007081208/tools/bin/../lib/gcc/arm-none-eabi/7.3.1/../../../../arm-none-eabi/lib/thumb/v7-m/crt0.o
 .data          0x0000000000000000        0x0 c:/st/stm32cubeide_1.4.0/stm32cubeide/plugins/com.st.stm32cube.ide.mcu.externaltools.gnu-tools-for-stm32.7-2018-q2-update.win32_1.4.0.202007081208/tools/bin/../lib/gcc/arm-none-eabi/7.3.1/../../../../arm-none-eabi/lib/thumb/v7-m/crt0.o
 .bss           0x0000000000000000        0x0 c:/st/stm32cubeide_1.4.0/stm32cubeide/plugins/com.st.stm32cube.ide.mcu.externaltools.gnu-tools-for-stm32.7-2018-q2-update.win32_1.4.0.202007081208/tools/bin/../lib/gcc/arm-none-eabi/7.3.1/../../../../arm-none-eabi/lib/thumb/v7-m/crt0.o
[...]
Memory Configuration

Name             Origin             Length             Attributes
RAM              0x0000000020000000 0x0000000000002800 xrw
ROM              0x0000000008000000 0x0000000000008000 xr
*default*        0x0000000000000000 0xffffffffffffffff

Linker script and memory map

LOAD c:/st/stm32cubeide_1.4.0/stm32cubeide/plugins/com.st.stm32cube.ide.mcu.externaltools.gnu-tools-for-stm32.7-2018-q2-update.win32_1.4.0.202007081208/tools/bin/../lib/gcc/arm-none-eabi/7.3.1/thumb/v7-m/crti.o
LOAD c:/st/stm32cubeide_1.4.0/stm32cubeide/plugins/com.st.stm32cube.ide.mcu.externaltools.gnu-tools-for-stm32.7-2018-q2-update.win32_1.4.0.202007081208/tools/bin/../lib/gcc/arm-none-eabi/7.3.1/thumb/v7-m/crtbegin.o
LOAD c:/st/stm32cubeide_1.4.0/stm32cubeide/plugins/com.st.stm32cube.ide.mcu.externaltools.gnu-tools-for-stm32.7-2018-q2-update.win32_1.4.0.202007081208/tools/bin/../lib/gcc/arm-none-eabi/7.3.1/../../../../arm-none-eabi/lib/thumb/v7-m/crt0.o
LOAD HAL/Kaypad.o
LOAD HAL/Seven_segment.o
LOAD HAL/lcd.o
LOAD MCAL/STM32F103C6_EXTRI_Driver.o
LOAD MCAL/STM32F103C6_GPIO_Driver.o
LOAD MCAL/STM32F103C6_RCC_Driver.o
LOAD MCAL/STM32F103C6_USART_Driver.o
LOAD Src/main.o
LOAD Src/syscalls.o
LOAD Src/sysmem.o
LOAD Startup/startup_stm32f103c6tx.o
START GROUP
LOAD c:/st/stm32cubeide_1.4.0/stm32cubeide/plugins/com.st.stm32cube.ide.mcu.externaltools.gnu-tools-for-stm32.7-2018-q2-update.win32_1.4.0.202007081208/tools/bin/../lib/gcc/arm-none-eabi/7.3.1/../../../../arm-none-eabi/lib/thumb/v7-m\libc_nano.a
LOAD c:/st/stm32cubeide_1.4.0/stm32cubeide/plugins/com.st.stm32cube.ide.mcu.externaltools.gnu-tools-for-stm32.7-2018-q2-update.win32_1.4.0.202007081208/tools/bin/../lib/gcc/arm-none-eabi/7.3.1/../../../../arm-none-eabi/lib/thumb/v7-m\libm.a
END GROUP
START GROUP
LOAD c:/st/stm32cubeide_1.4.0/stm32cubeide/plugins/com.st.stm32cube.ide.mcu.externaltools.gnu-tools-for-stm32.7-2018-q2-update.win32_1.4.0.202007081208/tools/bin/../lib/gcc/arm-none-eabi/7.3.1/thumb/v7-m\libgcc.a
LOAD c:/st/stm32cubeide_1.4.0/stm32cubeide/plugins/com.st.stm32cube.ide.mcu.externaltools.gnu-tools-for-stm32.7-2018-q2-update.win32_1.4.0.202007081208/tools/bin/../lib/gcc/arm-none-eabi/7.3.1/../../../../arm-none-eabi/lib/thumb/v7-m\libg_nano.a
LOAD c:/st/stm32cubeide_1.4.0/stm32cubeide/plugins/com.st.stm32cube.ide.mcu.externaltools.gnu-tools-for-stm32.7-2018-q2-update.win32_1.4.0.202007081208/tools/bin/../lib/gcc/arm-none-eabi/7.3.1/../../../../arm-none-eabi/lib/thumb/v7-m\libc_nano.a
END GROUP
START GROUP
LOAD c:/st/stm32cubeide_1.4.0/stm32cubeide/plugins/com.st.stm32cube.ide.mcu.externaltools.gnu-tools-for-stm32.7-2018-q2-update.win32_1.4.0.202007081208/tools/bin/../lib/gcc/arm-none-eabi/7.3.1/thumb/v7-m\libgcc.a
LOAD c:/st/stm32cubeide_1.4.0/stm32cubeide/plugins/com.st.stm32cube.ide.mcu.externaltools.gnu-tools-for-stm32.7-2018-q2-update.win32_1.4.0.202007081208/tools/bin/../lib/gcc/arm-none-eabi/7.3.1/../../../../arm-none-eabi/lib/thumb/v7-m\libc_nano.a
LOAD c:/st/stm32cubeide_1.4.0/stm32cubeide/plugins/com.st.stm32cube.ide.mcu.externaltools.gnu-tools-for-stm32.7-2018-q2-update.win32_1.4.0.202007081208/tools/bin/../lib/gcc/arm-none-eabi/7.3.1/../../../../arm-none-eabi/lib/thumb/v7-m\libnosys.a
END GROUP
START GROUP
LOAD c:/st/stm32cubeide_1.4.0/stm32cubeide/plugins/com.st.stm32cube.ide.mcu.externaltools.gnu-tools-for-stm32.7-2018-q2-update.win32_1.4.0.202007081208/tools/bin/../lib/gcc/arm-none-eabi/7.3.1/thumb/v7-m\libgcc.a
LOAD c:/st/stm32cubeide_1.4.0/stm32cubeide/plugins/com.st.stm32cube.ide.mcu.externaltools.gnu-tools-for-stm32.7-2018-q2-update.win32_1.4.0.202007081208/tools/bin/../lib/gcc/arm-none-eabi/7.3.1/../../../../arm-none-eabi/lib/thumb/v7-m\libc_nano.a
LOAD c:/st/stm32cubeide_1.4.0/stm32cubeide/plugins/com.st.stm32cube.ide.mcu.externaltools.gnu-tools-for-stm32.7-2018-q2-update.win32_1.4.0.202007081208/tools/bin/../lib/gcc/arm-none-eabi/7.3.1/../../../../arm-none-eabi/lib/thumb/v7-m\libnosys.a
END GROUP
LOAD c:/st/stm32cubeide_1.4.0/stm32cubeide/plugins/com.st.stm32cube.ide.mcu.externaltools.gnu-tools-for-stm32.7-2018-q2-update.win32_1.4.0.202007081208/tools/bin/../lib/gcc/arm-none-eabi/7.3.1/thumb/v7-m/crtend.o
LOAD c:/st/stm32cubeide_1.4.0/stm32cubeide/plugins/com.st.stm32cube.ide.mcu.externaltools.gnu-tools-for-stm32.7-2018-q2-update.win32_1.4.0.202007081208/tools/bin/../lib/gcc/arm-none-eabi/7.3.1/thumb/v7-m/crtn.o
                0x0000000020002800                _estack = (ORIGIN (RAM) + LENGTH (RAM))
                0x0000000000000200                _Min_Heap_Size = 0x200
                0x0000000000000400                _Min_Stack_Size = 0x400

.isr_vector     0x0000000008000000      0x130
                0x0000000008000000                . = ALIGN (0x4)
 *(.isr_vector)
 .isr_vector    0x0000000008000000      0x130 Startup/startup_stm32f103c6tx.o
                0x0000000008000000                g_pfnVectors
                0x0000000008000130                . = ALIGN (0x4)

.text           0x0000000008000130      0x934
                0x0000000008000130                . = ALIGN (0x4)
 *(.text)
 .text          0x0000000008000130       0x40 c:/st/stm32cubeide_1.4.0/stm32cubeide/plugins/com.st.stm32cube.ide.mcu.externaltools.gnu-tools-for-stm32.7-2018-q2-update.win32_1.4.0.202007081208/tools/bin/../lib/gcc/arm-none-eabi/7.3.1/thumb/v7-m/crtbegin.o
 *(.text*)
 .text.EXTI0_IRQHandler
                0x0000000008000170       0x24 MCAL/STM32F103C6_EXTRI_Driver.o
                0x0000000008000170                EXTI0_IRQHandler
 .text.EXTI1_IRQHandler
                0x0000000008000194       0x24 MCAL/STM32F103C6_EXTRI_Driver.o
                0x0000000008000194                EXTI1_IRQHandler
 .text.EXTI2_IRQHandler
                0x00000000080001b8       0x24 MCAL/STM32F103C6_EXTRI_Driver.o
                0x00000000080001b8                EXTI2_IRQHandler
 .text.EXTI3_IRQHandler
                0x00000000080001dc       0x24 MCAL/STM32F103C6_EXTRI_Driver.o
                0x00000000080001dc                EXTI3_IRQHandler
 .text.EXTI9_5_IRQHandler
                0x0000000008000200       0xa8 MCAL/STM32F103C6_EXTRI_Driver.o
                0x0000000008000200                EXTI9_5_IRQHandler
 .text.EXTI15_10_IRQHandler
                0x00000000080002a8       0xc4 MCAL/STM32F103C6_EXTRI_Driver.o
                0x00000000080002a8                EXTI15_10_IRQHandler
 .text.Get_CRLH_position
                0x000000000800036c       0xc6 MCAL/STM32F103C6_GPIO_Driver.o
                0x000000000800036c                Get_CRLH_position
 .text.MCAL_GPIO_INIT
                0x0000000008000432       0xfe MCAL/STM32F103C6_GPIO_Driver.o
                0x0000000008000432                MCAL_GPIO_INIT
 .text.MCAL_RCC_GET_SysClockFreq
                0x0000000008000530       0x3c MCAL/STM32F103C6_RCC_Driver.o
                0x0000000008000530                MCAL_RCC_GET_SysClockFreq
 .text.MCAL_RCC_GET_HCLKFreq
                0x000000000800056c       0x28 MCAL/STM32F103C6_RCC_Driver.o
                0x000000000800056c                MCAL_RCC_GET_HCLKFreq
 .text.MCAL_RCC_GET_PCLK1Freq
                0x0000000008000594       0x28 MCAL/STM32F103C6_RCC_Driver.o
                0x0000000008000594                MCAL_RCC_GET_PCLK1Freq
 .text.MCAL_RCC_GET_PCLK2Freq
                0x00000000080005bc       0x28 MCAL/STM32F103C6_RCC_Driver.o
                0x00000000080005bc                MCAL_RCC_GET_PCLK2Freq
 .text.MCAL_UART_Init
                0x00000000080005e4      0x184 MCAL/STM32F103C6_USART_Driver.o
                0x00000000080005e4                MCAL_UART_Init
 .text.MCAL_UART_SendData
                0x0000000008000768       0x36 MCAL/STM32F103C6_USART_Driver.o
                0x0000000008000768                MCAL_UART_SendData
 *fill*         0x000000000800079e        0x2 
 .text.MCAL_UART_ReceiveData
                0x00000000080007a0       0x5c MCAL/STM32F103C6_USART_Driver.o
                0x00000000080007a0                MCAL_UART_ReceiveData
 .text.MCAL_UART_GPIO_set_pins
                0x00000000080007fc       0xc8 MCAL/STM32F103C6_USART_Driver.o
                0x00000000080007fc                MCAL_UART_GPIO_set_pins
 .text.USART1_IRQHandler
                0x00000000080008c4       0x14 MCAL/STM32F103C6_USART_Driver.o
                0x00000000080008c4                USART1_IRQHandler
 .text.USART2_IRQHandler
                0x00000000080008d8       0x14 MCAL/STM32F103C6_USART_Driver.o
                0x00000000080008d8                USART2_IRQHandler
 .text.USART3_IRQHandler
                0x00000000080008ec       0x14 MCAL/STM32F103C6_USART_Driver.o
                0x00000000080008ec                USART3_IRQHandler
 .text.main     0x0000000008000900       0x58 Src/main.o
                0x0000000008000900                main
 .text.clock_init
                0x0000000008000958       0x34 Src/main.o
                0x0000000008000958                clock_init
 .text.UART_IRQ_Callback
                0x000000000800098c       0x24 Src/main.o
                0x000000000800098c                UART_IRQ_Callback
 .text.Reset_Handler
                0x00000000080009b0       0x50 Startup/startup_stm32f103c6tx.o
                0x00000000080009b0                Reset_Handler
 .text.Default_Handler
                0x0000000008000a00        0x2 Startup/startup_stm32f103c6tx.o
                0x0000000008000a00                TIM8_TRG_COM_IRQHandler
                0x0000000008000a00                TIM8_CC_IRQHandler
                0x0000000008000a00                DebugMon_Handler
                0x0000000008000a00                TIM1_CC_IRQHandler
                0x0000000008000a00                HardFault_Handler
                0x0000000008000a00                TIM6_IRQHandler
                0x0000000008000a00                SysTick_Handler
                0x0000000008000a00                PVD_IRQHandler
                0x0000000008000a00                SDIO_IRQHandler
                0x0000000008000a00                PendSV_Handler
                0x0000000008000a00                NMI_Handler
                0x0000000008000a00                USB_HP_CAN_TX_IRQHandler
                0x0000000008000a00                I2C2_EV_IRQHandler
                0x0000000008000a00                UsageFault_Handler
                0x0000000008000a00                ADC1_2_IRQHandler
                0x0000000008000a00                SPI1_IRQHandler
                0x0000000008000a00                CAN_SCE_IRQHandler
                0x0000000008000a00                TAMPER_IRQHandler
                0x0000000008000a00                TIM8_UP_IRQHandler
                0x0000000008000a00                DMA2_Channel2_IRQHandler
                0x0000000008000a00                DMA1_Channel4_IRQHandler
                0x0000000008000a00                RTC_IRQHandler
                0x0000000008000a00                DMA1_Channel7_IRQHandler
                0x0000000008000a00                UART5_IRQHandler
                0x0000000008000a00                ADC3_IRQHandler
                0x0000000008000a00                TIM4_IRQHandler
                0x0000000008000a00                CAN_RX1_IRQHandler
                0x0000000008000a00                DMA2_Channel1_IRQHandler
                0x0000000008000a00                I2C1_EV_IRQHandler
                0x0000000008000a00                DMA1_Channel6_IRQHandler
                0x0000000008000a00                UART4_IRQHandler
                0x0000000008000a00                TIM3_IRQHandler
                0x0000000008000a00                RCC_IRQHandler
                0x0000000008000a00                TIM1_TRG_COM_IRQHandler
                0x0000000008000a00                DMA1_Channel1_IRQHandler
                0x0000000008000a00                Default_Handler
                0x0000000008000a00                TIM7_IRQHandler
                0x0000000008000a00                TIM5_IRQHandler
                0x0000000008000a00                SPI2_IRQHandler
                0x0000000008000a00                USB_LP_CAN_RX0_IRQHandler
                0x0000000008000a00                MemManage_Handler
                0x0000000008000a00                SVC_Handler
                0x0000000008000a00                DMA1_Channel5_IRQHandler
                0x0000000008000a00                EXTI4_IRQHandler
                0x0000000008000a00                DMA1_Channel3_IRQHandler
                0x0000000008000a00                FSMC_IRQHandler
                0x0000000008000a00                TIM1_UP_IRQHandler
                0x0000000008000a00                WWDG_IRQHandler
                0x0000000008000a00                TIM2_IRQHandler
                0x0000000008000a00                TIM1_BRK_IRQHandler
                0x0000000008000a00                RTCAlarm_IRQHandler
                0x0000000008000a00                DMA2_Channel4_5_IRQHandler
                0x0000000008000a00                I2C2_ER_IRQHandler
                0x0000000008000a00                DMA1_Channel2_IRQHandler
                0x0000000008000a00                TIM8_BRK_IRQHandler
                0x0000000008000a00                FLASH_IRQHandler
                0x0000000008000a00                BusFault_Handler
                0x0000000008000a00                SPI3_IRQHandler
                0x0000000008000a00                I2C1_ER_IRQHandler
                0x0000000008000a00                DMA2_Channel3_IRQHandler
 *fill*         0x0000000008000a02        0x2 
 .text.__libc_init_array
                0x0000000008000a04       0x48 c:/st/stm32cubeide_1.4.0/stm32cubeide/plugins/com.st.stm32cube.ide.mcu.externaltools.gnu-tools-for-stm32.7-2018-q2-update.win32_1.4.0.202007081208/tools/bin/../lib/gcc/arm-none-eabi/7.3.1/../../../../arm-none-eabi/lib/thumb/v7-m\libc_nano.a(lib_a-init.o)
                0x0000000008000a04                __libc_init_array
 *(.glue_7)
 .glue_7        0x0000000008000a4c        0x0 linker stubs
 *(.glue_7t)
 .glue_7t       0x0000000008000a4c        0x0 linker stubs
 *(.eh_frame)
 .eh_frame      0x0000000008000a4c        0x0 c:/st/stm32cubeide_1.4.0/stm32cubeide/plugins/com.st.stm32cube.ide.mcu.externaltools.gnu-tools-for-stm32.7-2018-q2-update.win32_1.4.0.202007081208/tools/bin/../lib/gcc/arm-none-eabi/7.3.1/thumb/v7-m/crtbegin.o
 *(.init)
 .init          0x0000000008000a4c        0x4 c:/st/stm32cubeide_1.4.0/stm32cubeide/plugins/com.st.stm32cube.ide.mcu.externaltools.gnu-tools-for-stm32.7-2018-q2-update.win32_1.4.0.202007081208/tools/bin/../lib/gcc/arm-none-eabi/7.3.1/thumb/v7-m/crti.o
                0x0000000008000a4c                _init
 .init          0x0000000008000a50        0x8 c:/st/stm32cubeide_1.4.0/stm32cubeide/plugins/com.st.stm32cube.ide.mcu.externaltools.gnu-tools-for-stm32.7-2018-q2-update.win32_1.4.0.202007081208/tools/bin/../lib/gcc/arm-none-eabi/7.3.1/thumb/v7-m/crtn.o
 *(.fini)
 .fini          0x0000000008000a58        0x4 c:/st/stm32cubeide_1.4.0/stm32cubeide/plugins/com.st.stm32cube.ide.mcu.externaltools.gnu-tools-for-stm32.7-2018-q2-update.win32_1.4.0.202007081208/tools/bin/../lib/gcc/arm-none-eabi/7.3.1/thumb/v7-m/crti.o
                0x0000000008000a58                _fini
 .fini          0x0000000008000a5c        0x8 c:/st/stm32cubeide_1.4.0/stm32cubeide/plugins/com.st.stm32cube.ide.mcu.externaltools.gnu-tools-for-stm32.7-2018-q2-update.win32_1.4.0.202007081208/tools/bin/../lib/gcc/arm-none-eabi/7.3.1/thumb/v7-m/crtn.o
                0x0000000008000a64                . = ALIGN (0x4)
                0x0000000008000a64                _etext = .

.vfp11_veneer   0x0000000008000a64        0x0
 .vfp11_veneer  0x0000000008000a64        0x0 linker stubs

.v4_bx          0x0000000008000a64        0x0
 .v4_bx         0x0000000008000a64        0x0 linker stubs

.iplt           0x0000000008000a64        0x0
 .iplt          0x0000000008000a64        0x0 c:/st/stm32cubeide_1.4.0/stm32cubeide/plugins/com.st.stm32cube.ide.mcu.externaltools.gnu-tools-for-stm32.7-2018-q2-update.win32_1.4.0.202007081208/tools/bin/../lib/gcc/arm-none-eabi/7.3.1/thumb/v7-m/crtbegin.o

.rodata         0x0000000008000a64       0x18
                0x0000000008000a64                . = ALIGN (0x4)
 *(.rodata)
 *(.rodata*)
 .rodata.APB_prescaler
                0x0000000008000a64        0x8 MCAL/STM32F103C6_RCC_Driver.o
                0x0000000008000a64                APB_prescaler
 .rodata.AHB_prescaler
                0x0000000008000a6c       0x10 MCAL/STM32F103C6_RCC_Driver.o
                0x0000000008000a6c                AHB_prescaler
                0x0000000008000a7c                . = ALIGN (0x4)

.rel.dyn        0x0000000008000a7c        0x0
 .rel.iplt      0x0000000008000a7c        0x0 c:/st/stm32cubeide_1.4.0/stm32cubeide/plugins/com.st.stm32cube.ide.mcu.externaltools.gnu-tools-for-stm32.7-2018-q2-update.win32_1.4.0.202007081208/tools/bin/../lib/gcc/arm-none-eabi/7.3.1/thumb/v7-m/crtbegin.o

.ARM.extab      0x0000000008000a7c        0x0
                0x0000000008000a7c                . = ALIGN (0x4)
 *(.ARM.extab* .gnu.linkonce.armextab.*)
                0x0000000008000a7c                . = ALIGN (0x4)

.ARM            0x0000000008000a7c        0x0
                0x0000000008000a7c                . = ALIGN (0x4)
                0x0000000008000a7c                __exidx_start = .
 *(.ARM.exidx*)
                0x0000000008000a7c                __exidx_end = .
                0x0000000008000a7c                . = ALIGN (0x4)

.preinit_array  0x0000000008000a7c        0x0
                0x0000000008000a7c                . = ALIGN (0x4)
                0x0000000008000a7c                PROVIDE (__preinit_array_start = .)
 *(.preinit_array*)
                0x0000000008000a7c                PROVIDE (__preinit_array_end = .)
                0x0000000008000a7c                . = ALIGN (0x4)

.init_array     0x0000000008000a7c        0x4
                0x0000000008000a7c                . = ALIGN (0x4)
                0x0000000008000a7c                PROVIDE (__init_array_start = .)
 *(SORT_BY_NAME(.init_array.*))
 *(.init_array*)
 .init_array    0x0000000008000a7c        0x4 c:/st/stm32cubeide_1.4.0/stm32cubeide/plugins/com.st.stm32cube.ide.mcu.externaltools.gnu-tools-for-stm32.7-2018-q2-update.win32_1.4.0.202007081208/tools/bin/../lib/gcc/arm-none-eabi/7.3.1/thumb/v7-m/crtbegin.o
                0x0000000008000a80                PROVIDE (__init_array_end = .)
                0x0000000008000a80                . = ALIGN (0x4)

.fini_array     0x0000000008000a80        0x4
                0x0000000008000a80                . = ALIGN (0x4)
                [!provide]                        PROVIDE (__fini_array_start = .)
 *(SORT_BY_NAME(.fini_array.*))
 *(.fini_array*)
 .fini_array    0x0000000008000a80        0x4 c:/st/stm32cubeide_1.4.0/stm32cubeide/plugins/com.st.stm32cube.ide.mcu.externaltools.gnu-tools-for-stm32.7-2018-q2-update.win32_1.4.0.202007081208/tools/bin/../lib/gcc/arm-none-eabi/7.3.1/thumb/v7-m/crtbegin.o
                [!provide]                        PROVIDE (__fini_array_end = .)
                0x0000000008000a84                . = ALIGN (0x4)
                0x0000000008000a84                _sidata = LOADADDR (.data)

.data           0x0000000020000000        0x0 load address 0x0000000008000a84
                0x0000000020000000                . = ALIGN (0x4)
                0x0000000020000000                _sdata = .
 *(.data)
 *(.data*)
                0x0000000020000000                . = ALIGN (0x4)
                0x0000000020000000                _edata = .

.igot.plt       0x0000000020000000        0x0 load address 0x0000000008000a84
 .igot.plt      0x0000000020000000        0x0 c:/st/stm32cubeide_1.4.0/stm32cubeide/plugins/com.st.stm32cube.ide.mcu.externaltools.gnu-tools-for-stm32.7-2018-q2-update.win32_1.4.0.202007081208/tools/bin/../lib/gcc/arm-none-eabi/7.3.1/thumb/v7-m/crtbegin.o
                0x0000000020000000                . = ALIGN (0x4)

.bss            0x0000000020000000       0x74 load address 0x0000000008000a84
                0x0000000020000000                _sbss = .
                0x0000000020000000                __bss_start__ = _sbss
 *(.bss)
 .bss           0x0000000020000000       0x1c c:/st/stm32cubeide_1.4.0/stm32cubeide/plugins/com.st.stm32cube.ide.mcu.externaltools.gnu-tools-for-stm32.7-2018-q2-update.win32_1.4.0.202007081208/tools/bin/../lib/gcc/arm-none-eabi/7.3.1/thumb/v7-m/crtbegin.o
 *(.bss*)
 .bss.Global_UART_Config
                0x000000002000001c        0x4 MCAL/STM32F103C6_USART_Driver.o
                0x000000002000001c                Global_UART_Config
 *(COMMON)
 COMMON         0x0000000020000020       0x3c MCAL/STM32F103C6_EXTRI_Driver.o
                0x0000000020000020                GP_IRQ_CallBack
 COMMON         0x000000002000005c       0x16 Src/main.o
                0x000000002000005c                uartCFG
                0x0000000020000070                ch
                0x0000000020000074                . = ALIGN (0x4)
 *fill*         0x0000000020000072        0x2 
                0x0000000020000074                _ebss = .
                0x0000000020000074                __bss_end__ = _ebss

._user_heap_stack
                0x0000000020000074      0x604 load address 0x0000000008000a84
                0x0000000020000078                . = ALIGN (0x8)
 *fill*         0x0000000020000074        0x4 
                [!provide]                        PROVIDE (end = .)
                0x0000000020000078                PROVIDE (_end = .)
                0x0000000020000278                . = (. + _Min_Heap_Size)
 *fill*         0x0000000020000078      0x200 
                0x0000000020000678                . = (. + _Min_Stack_Size)
 *fill*         0x0000000020000278      0x400 
                0x0000000020000678                . = ALIGN (0x8)

/DISCARD/
 libc.a(*)
 libm.a(*)
 libgcc.a(*)

.ARM.attributes
                0x0000000000000000       0x29
 *(.ARM.attributes)
 .ARM.attributes
                0x0000000000000000       0x1d c:/st/stm32cubeide_1.4.0/stm32cubeide/plugins/com.st.stm32cube.ide.mcu.externaltools.gnu-tools-for-stm32.7-2018-q2-update.win32_1.4.0.202007081208/tools/bin/../lib/gcc/arm-none-eabi/7.3.1/thumb/v7-m/crti.o
 .ARM.attributes
                0x000000000000001d       0x2d c:/st/stm32cubeide_1.4.0/stm32cubeide/plugins/com.st.stm32cube.ide.mcu.externaltools.gnu-tools-for-stm32.7-2018-q2-update.win32_1.4.0.202007081208/tools/bin/../lib/gcc/arm-none-eabi/7.3.1/thumb/v7-m/crtbegin.o
 .ARM.attributes
                0x000000000000004a       0x33 MCAL/STM32F103C6_EXTRI_Driver.o
 .ARM.attributes
                0x000000000000007d       0x33 MCAL/STM32F103C6_GPIO_Driver.o
 .ARM.attributes
                0x00000000000000b0       0x33 MCAL/STM32F103C6_RCC_Driver.o
 .ARM.attributes
                0x00000000000000e3       0x33 MCAL/STM32F103C6_USART_Driver.o
 .ARM.attributes
                0x0000000000000116       0x33 Src/main.o
 .ARM.attributes
                0x0000000000000149       0x21 Startup/startup_stm32f103c6tx.o
 .ARM.attributes
                0x000000000000016a       0x2d c:/st/stm32cubeide_1.4.0/stm32cubeide/plugins/com.st.stm32cube.ide.mcu.externaltools.gnu-tools-for-stm32.7-2018-q2-update.win32_1.4.0.202007081208/tools/bin/../lib/gcc/arm-none-eabi/7.3.1/../../../../arm-none-eabi/lib/thumb/v7-m\libc_nano.a(lib_a-init.o)
 .ARM.attributes
                0x0000000000000197       0x1d c:/st/stm32cubeide_1.4.0/stm32cubeide/plugins/com.st.stm32cube.ide.mcu.externaltools.gnu-tools-for-stm32.7-2018-q2-update.win32_1.4.0.202007081208/tools/bin/../lib/gcc/arm-none-eabi/7.3.1/thumb/v7-m/crtn.o
OUTPUT(Drivers.elf elf32-littlearm)

.debug_info     0x0000000000000000     0x4086
 .debug_info    0x0000000000000000      0xe05 MCAL/STM32F103C6_EXTRI_Driver.o
 .debug_info    0x0000000000000e05      0xd49 MCAL/STM32F103C6_GPIO_Driver.o
 .debug_info    0x0000000000001b4e      0xafc MCAL/STM32F103C6_RCC_Driver.o
 .debug_info    0x000000000000264a      0xe45 MCAL/STM32F103C6_USART_Driver.o
 .debug_info    0x000000000000348f      0xbd5 Src/main.o
 .debug_info    0x0000000000004064       0x22 Startup/startup_stm32f103c6tx.o

.debug_abbrev   0x0000000000000000      0x9a2
 .debug_abbrev  0x0000000000000000      0x217 MCAL/STM32F103C6_EXTRI_Driver.o
 .debug_abbrev  0x0000000000000217      0x221 MCAL/STM32F103C6_GPIO_Driver.o
 .debug_abbrev  0x0000000000000438      0x18a MCAL/STM32F103C6_RCC_Driver.o
 .debug_abbrev  0x00000000000005c2      0x203 MCAL/STM32F103C6_USART_Driver.o
 .debug_abbrev  0x00000000000007c5      0x1cb Src/main.o
 .debug_abbrev  0x0000000000000990       0x12 Startup/startup_stm32f103c6tx.o

.debug_loc      0x0000000000000000      0xa48
 .debug_loc     0x0000000000000000      0x320 MCAL/STM32F103C6_EXTRI_Driver.o
 .debug_loc     0x0000000000000320      0x330 MCAL/STM32F103C6_GPIO_Driver.o
 .debug_loc     0x0000000000000650       0xc8 MCAL/STM32F103C6_RCC_Driver.o
 .debug_loc     0x0000000000000718      0x294 MCAL/STM32F103C6_USART_Driver.o
 .debug_loc     0x00000000000009ac       0x9c Src/main.o

.debug_aranges  0x0000000000000000      0x1d0
 .debug_aranges
                0x0000000000000000       0x80 MCAL/STM32F103C6_EXTRI_Driver.o
 .debug_aranges
                0x0000000000000080       0x60 MCAL/STM32F103C6_GPIO_Driver.o
 .debug_aranges
                0x00000000000000e0       0x38 MCAL/STM32F103C6_RCC_Driver.o
 .debug_aranges
                0x0000000000000118       0x60 MCAL/STM32F103C6_USART_Driver.o
 .debug_aranges
                0x0000000000000178       0x30 Src/main.o
 .debug_aranges
                0x00000000000001a8       0x28 Startup/startup_stm32f103c6tx.o

.debug_ranges   0x0000000000000000      0x178
 .debug_ranges  0x0000000000000000       0x70 MCAL/STM32F103C6_EXTRI_Driver.o
 .debug_ranges  0x0000000000000070       0x50 MCAL/STM32F103C6_GPIO_Driver.o
 .debug_ranges  0x00000000000000c0       0x28 MCAL/STM32F103C6_RCC_Driver.o
 .debug_ranges  0x00000000000000e8       0x50 MCAL/STM32F103C6_USART_Driver.o
 .debug_ranges  0x0000000000000138       0x20 Src/main.o
 .debug_ranges  0x0000000000000158       0x20 Startup/startup_stm32f103c6tx.o

.debug_macro    0x0000000000000000      0xdb0
 .debug_macro   0x0000000000000000      0x1f3 MCAL/STM32F103C6_EXTRI_Driver.o
 .debug_macro   0x00000000000001f3      0x20f MCAL/STM32F103C6_EXTRI_Driver.o
 .debug_macro   0x0000000000000402      0x1d6 MCAL/STM32F103C6_GPIO_Driver.o
 .debug_macro   0x00000000000005d8      0x1e9 MCAL/STM32F103C6_RCC_Driver.o
 .debug_macro   0x00000000000007c1       0x10 MCAL/STM32F103C6_RCC_Driver.o
 .debug_macro   0x00000000000007d1      0x1fc MCAL/STM32F103C6_USART_Driver.o
 .debug_macro   0x00000000000009cd       0xe2 MCAL/STM32F103C6_USART_Driver.o
 .debug_macro   0x0000000000000aaf      0x235 Src/main.o
 .debug_macro   0x0000000000000ce4       0x16 Src/main.o
 .debug_macro   0x0000000000000cfa       0x40 Src/main.o
 .debug_macro   0x0000000000000d3a       0x76 Src/main.o

.debug_line     0x0000000000000000     0x247d
 .debug_line    0x0000000000000000      0x7ff MCAL/STM32F103C6_EXTRI_Driver.o
 .debug_line    0x00000000000007ff      0x6ed MCAL/STM32F103C6_GPIO_Driver.o
 .debug_line    0x0000000000000eec      0x665 MCAL/STM32F103C6_RCC_Driver.o
 .debug_line    0x0000000000001551      0x788 MCAL/STM32F103C6_USART_Driver.o
 .debug_line    0x0000000000001cd9      0x720 Src/main.o
 .debug_line    0x00000000000023f9       0x84 Startup/startup_stm32f103c6tx.o

.debug_str      0x0000000000000000     0xb16e
 .debug_str     0x0000000000000000     0xa2a8 MCAL/STM32F103C6_EXTRI_Driver.o
                                       0xa50d (size before relaxing)
 .debug_str     0x000000000000a2a8      0x159 MCAL/STM32F103C6_GPIO_Driver.o
                                       0x9205 (size before relaxing)
 .debug_str     0x000000000000a401       0xfc MCAL/STM32F103C6_RCC_Driver.o
                                       0x916c (size before relaxing)
 .debug_str     0x000000000000a4fd      0x7ef MCAL/STM32F103C6_USART_Driver.o
                                       0x997b (size before relaxing)
 .debug_str     0x000000000000acec      0x451 Src/main.o
                                       0xadfb (size before relaxing)
 .debug_str     0x000000000000b13d       0x31 Startup/startup_stm32f103c6tx.o
                                         0x56 (size before relaxing)

.comment        0x0000000000000000       0x7b
 .comment       0x0000000000000000       0x7b MCAL/STM32F103C6_EXTRI_Driver.o
                                         0x7c (size before relaxing)
 .comment       0x000000000000007b       0x7c MCAL/STM32F103C6_GPIO_Driver.o
 .comment       0x000000000000007b       0x7c MCAL/STM32F103C6_RCC_Driver.o
 .comment       0x000000000000007b       0x7c MCAL/STM32F103C6_USART_Driver.o
 .comment       0x000000000000007b       0x7c Src/main.o

.debug_frame    0x0000000000000000      0x58c
 .debug_frame   0x0000000000000000      0x1b0 MCAL/STM32F103C6_EXTRI_Driver.o
 .debug_frame   0x00000000000001b0      0x178 MCAL/STM32F103C6_GPIO_Driver.o
 .debug_frame   0x0000000000000328       0x84 MCAL/STM32F103C6_RCC_Driver.o
 .debug_frame   0x00000000000003ac      0x14c MCAL/STM32F103C6_USART_Driver.o
 .debug_frame   0x00000000000004f8       0x68 Src/main.o
 .debug_frame   0x0000000000000560       0x2c c:/st/stm32cubeide_1.4.0/stm32cubeide/plugins/com.st.stm32cube.ide.mcu.externaltools.gnu-tools-for-stm32.7-2018-q2-update.win32_1.4.0.202007081208/tools/bin/../lib/gcc/arm-none-eabi/7.3.1/../../../../arm-none-eabi/lib/thumb/v7-m\libc_nano.a(lib_a-init.o)
